abstract-object|AbstractInformationalThing
action|Action
admire|Admiration
advertise|Advertising
advisor|Consultant
afternoon|Afternoon
agreement|Agreement
air|Air
air-force|AirForce
airline-company|AirlineCompany
airplane|Airplane
amphibian|Amphibian
and|and
anger|Anger
animal-adult|AdultAnimal
animal|Animal
animal-cell|Cell
animal-embryo|Embryo
animal-female|FemaleAnimal
animal-male|MaleAnimal
animal-sound|AnimalSound
April|April
arm|Arm
athlete|Athlete
Atlantic-Ocean|AtlanticOcean
atom|Atom
August|August
avoirdupois-ounce|Ounce
battle|Battle
belief-system|BeliefSystem
beverage|Drink
bicycle|Bicycle
bird|Bird
boil|Boiling
breathe|Breathing
building|Building
business|Business
buy-from|Buying
cancer|Cancer
car|Automobile
carnivore|Carnivore
cavity|Cavity
cerebrum|Brain
circle|Circle
city|City
cloth|Cloth
clothing|Garment
clothing-shorts|ShortPants
computer|Computer
concept|Thing
container|Container
continent|Continent
converse|Conversation
country-AUS|Australia
country-BEL|Belgium
country-BGD|Bangladesh
country-BRA|Brazil
country-CHE|Switzerland
country|Country
country-DEU|Germany
country-EGY|Egypt
country-FRA|France
country-IND|India
country-JPN|Japan
country-PRT|Portugal
country-RUS|Russia
country-USA|UnitedStatesOfAmerica
county|County
credit-card|CreditCard
currency|Currency
cutting-device|CuttingDevice
Cyc|Cyc
December|December
dentist|Dentist
device-light|LightingDevice
disappointment|Disappointment
distance-meter|Meter
distress|Distress
dog|Dog
door|Doorway
drink|DrinkingEvent
ear|Ear
electromagnetism|ElectromagneticRadiation
electron|Electron
electronic-component|ElectricalComponent
electronic-device|ElectronicDevice
embarrassment|Embarrassment
EM-light|Light
EM-light|VisibleLight
engineer|Engineer
entertainer|Entertainer
enum|AttributeValue
evening|Evening
exercise|Exercising
exists|ExistentialQuantifier
expletive-pronoun|ExpletivePronoun
eye|Eye
F109|MassNoun
F119|CoordinatingConjunction
F181|Modal
F65|Adjective
F66|Adverb
F68|Determiner
F72|Pronoun
F75|Conjunction
F78|Noun
F82|Preposition
F86|Verb
F87|VerbPhrase
F88|NounPhrase
F89|PrepositionalPhrase
F90|Sentence
farmer|Farmer
fear|Fear
February|February
financial-instrument|Money
finger|Finger
fish|Fish
food|FoodAndDrink
forest|Forest
freezing|Freezing
frequency|Frequency
fruit|Fruit
fry|Frying
fungus|Fungus
gamma-ray|GammaRay
gesture|Gesture
government-official|Politician
gown|Dress
gram|Gram
gratitude|Gratitude
group|Group
H20|Water
hand|Hand
haploid-cell|HaploidCell
happiness|Happiness
hat|Hat
have-teeth-cleaning|TeethCleaning
hear|Hearing
heart|Heart
helicopter|Helicopter
herbivore|Herbivore
hertz|Hertz
highway|Highway
holiday|Holiday
hope|Hope
hospital|Hospital
hot-air-balloon|HotAirBalloon
human|Person
implies|implies
inch|Inch
indefinite-pronoun|IndefinitePronoun
Indian-Ocean|IndianOcean
insect|Insect
integer|Integer
international-organization|InternationalOrganization
ironic|Irony
irritation|Irritation
island|Island
January|January
July|July
June|June
kilogram|Kilogram
kilometer|Kilometer
knowledge-base|KnowledgeBase
lake|Lake
langage|Language
leader|Leader
learn|Learning
leather|Leather
legal-action-try|Trial
legal-document|LegalDocument
legal-holiday|LegalHoliday
legal-professional|LegalProfessional
leg|Leg
lexical-entry|LexicalItem
line|Line
list|List
liter|Liter
liver|Liver
location|Place
long-pants|LongPants
love-human|Love
lung|Lung
mammal|Mammal
map|Map
March|March
May|May
megabyte|Megabyte
Metal|Metal
meter-per-second|MetersPerSecond
microorganism|Microorganism
mineral|Mineral
mixture|Mixture
molecule|Molecule
morning|Morning
mountain|Mountain
mouth|Mouth
muscle|Muscle
music|Music
navy|Navy
negotiate|Negotiating
nerve|Nerve
nervousness|Nervousness
neutron|Neutron
night|Night
nonromantic-love-human|Affection
noon|Midday
nose|Nose
not|not
November|November
now|Now
nucleon|Nucleon
nurse|Nurse
object|Individual
observe|Observing
ocean|Ocean
octagon|Octagon
October|October
omnivore|Omnivore
organization|Organization
organ|Organ
or|or
ovum|Ovum
Pacific-Ocean|PacificOcean
pants|Pants
paper|Paper
parallelogram|Parallelogram
pay-to|Paying
pentagon|Pentagon
perceive|Perceiving
pharmacist|Pharmacist
phoneme|Phoneme
phone-number|PhoneNumber
phrase-structure-rule|PhraseStructureRule
physical-object|SpatialThing-Localized
plane-figure-triangle|Triangle
planet|Planet
plant|Plant
plant-small-seed|Seed
plastic|Plastic
political-party|PoliticalParty
politics-nationalism|Nationalism
polygon|Polygon
possessive-pronoun|PossessivePronoun
predicate|Predicate
pride|Pride
pride|Proud
proper-noun|ProperNoun
propose|Proposal
proposition|Proposition
proton|Proton
protozoan|Protozoan
put-on|PuttingSomethingSomewhere
quadrilateral|Quadrilateral
radio-wave|RadioWave
read|Reading
real-estate|RealEstate
receive-from|Receiving
reciprocal-pronoun|ReciprocalPronoun
recollection|Memory
rectangle-square|Square
reference-work|ReferenceWork
reflexive-pronoun|ReflexivePronoun
religion|Religion
religious-holiday|ReligiousHoliday
remorse|Remorse
rent-from|Renting
reproach|Reproach
reproductive-cell|Gamete
reptile|Reptile
research|Research
resentment|Resentment
rhomboid|Rhomboid
rhombus|Rhombus
river|River
roadway|Roadway
rub|Rubbing
sadness|Sadness
satisfaction|Satisfaction
scientist|Scientist
script-clean|Cleaning
sculpture|Sculpture
sea|Sea
September|September
shame|Shame
ship|Ship
ship-to|Shipping
shirt|Shirt
shoe|Shoe
shrub|Bush
situation|Situation
skin|Skin
skirt|Skirt
sleep|Sleeping
solution|Solution
sorry-for|Pity
sound|Sound
speak|Speaking
sports-team|SportsTeam
spreadsheet|Spreadsheet
starve|Starvation
stomach|Stomach
string|CharacterString
student|Student
subject-pronoun|SubjectPronoun
subordinating-conjunction|SubordinatingConjunction
subway-station|SubwayStation
subway|Subway
teach|Teaching
team|Team
temporal-relation|TemporalRelation
think|Thinking
thr-actor-of|Agent
tod|TimeOfDay
tool|Tool
transaction|Transaction
transporter|TransportationDevice
truck|Truck
unemployed-person|UnemployedPerson
United-Nations|UnitedNationsOrganization
unit-of-area|UnitOfArea
unit-of-distance|UnitOfDistance
unit-of-measure|UnitOfMeasure
unit-of-pressure|UnitOfPressure
unit-of-temperature|UnitOfTemperature
unit-of-time|UnitOfTime
unit-of-volume|UnitOfVolume
university|University
US-partnership|Partnership
US-sole-proprietorship|SoleProprietorship
utterance|Utterance
vendor|Vendor
vertebrate|Vertebrate
virus|Virus
wash|Washing
waterfowl|Waterfowl
weapon|Weapon
wood|Wood
write|Writing
x-ray|XRay
zip|PostalCode
